apiVersion: v1
kind: ServiceAccount
metadata:
  labels:
    app: crossplane
    chart: crossplane-1.1.1
    heritage: Helm
    release: crossplane
  name: rbac-manager
