apiVersion: pkg.crossplane.io/v1
kind: Provider
metadata:
  annotations:
    argocd.argoproj.io/sync-options: SkipDryRunOnMissingResource=true
    argocd.argoproj.io/sync-wave: '10'
  labels:
    name: provider-aws
  name: provider-aws
spec:
  controllerConfigRef:
    name: provider-aws
  package: crossplane/provider-aws:v1.0.0
---
apiVersion: pkg.crossplane.io/v1
kind: Provider
metadata:
  annotations:
    argocd.argoproj.io/sync-options: SkipDryRunOnMissingResource=true
    argocd.argoproj.io/sync-wave: '10'
  labels:
    name: provider-helm
  name: provider-helm
spec:
  controllerConfigRef:
    name: provider-helm
  package: crossplane/provider-helm:v0.9.0
