apiVersion: pkg.crossplane.io/v1alpha1
kind: ControllerConfig
metadata:
  annotations:
    argocd.argoproj.io/sync-options: SkipDryRunOnMissingResource=true
    argocd.argoproj.io/sync-wave: '10'
  labels:
    name: provider-aws
  name: provider-aws
spec:
  podSecurityContext: {}
  securityContext: {}
  serviceAccountName: provider-aws
---
apiVersion: pkg.crossplane.io/v1alpha1
kind: ControllerConfig
metadata:
  annotations:
    argocd.argoproj.io/sync-options: SkipDryRunOnMissingResource=true
    argocd.argoproj.io/sync-wave: '10'
  labels:
    name: provider-helm
  name: provider-helm
spec:
  podSecurityContext: {}
  securityContext: {}
  serviceAccountName: provider-helm
