apiVersion: v1
kind: Namespace
metadata:
  annotations:
    openshift.io/node-selector: node-role.kubernetes.io/infra=
  labels:
    foo: bar
    name: syn-crossplane
  name: syn-crossplane
