apiVersion: rbac.authorization.k8s.io/v1
kind: Role
metadata:
  annotations: {}
  labels:
    name: crossplane-rbac-compfunctions-scc
  name: crossplane-rbac:compfunctions:scc
  namespace: syn-crossplane
rules:
  - apiGroups:
      - security.openshift.io
    resources:
      - anyuid
    verbs:
      - use
