apiVersion: pkg.crossplane.io/v1
kind: Provider
metadata:
  annotations:
    argocd.argoproj.io/sync-options: SkipDryRunOnMissingResource=true
    argocd.argoproj.io/sync-wave: '10'
  labels:
    name: provider-helm
  name: provider-helm
spec:
  controllerConfigRef:
    name: provider-config
  package: crossplane/provider-helm:v0.9.0
