apiVersion: pkg.crossplane.io/v1beta1
kind: ControllerConfig
metadata:
  annotations:
    argocd.argoproj.io/sync-options: SkipDryRunOnMissingResource=true
    argocd.argoproj.io/sync-wave: '10'
  labels:
    name: provider-helm
  name: provider-helm
spec:
  podSecurityContext: {}
  securityContext: {}
