apiVersion: pkg.crossplane.io/v1alpha1
kind: ControllerConfig
metadata:
  annotations:
    argocd.argoproj.io/sync-options: SkipDryRunOnMissingResource=true
    argocd.argoproj.io/sync-wave: '10'
  labels:
    name: provider-config
  name: provider-config
spec:
  podSecurityContext: {}
  securityContext: {}
