apiVersion: v1
imagePullSecrets:
- name: dockerhub
kind: ServiceAccount
metadata:
  labels:
    app: crossplane
    chart: crossplane-1.1.1
    heritage: Helm
    release: crossplane
  name: crossplane
