apiVersion: v1
kind: ServiceAccount
metadata:
  annotations: {}
  labels:
    name: lonely-service-account
  name: lonely-service-account
---
apiVersion: v1
kind: ServiceAccount
metadata:
  annotations: {}
  labels:
    name: provider-aws
  name: provider-aws
---
apiVersion: v1
kind: ServiceAccount
metadata:
  annotations: {}
  labels:
    name: provider-gke
  name: provider-gke
