apiVersion: rbac.authorization.k8s.io/v1
kind: ClusterRoleBinding
metadata:
  annotations: {}
  labels:
    name: crossplane-provider-provider-aws-reader
  name: crossplane:provider:provider-aws:reader
roleRef:
  apiGroup: rbac.authorization.k8s.io
  kind: ClusterRole
  name: crossplane:provider:provider-aws:reader
subjects:
  - kind: ServiceAccount
    name: provider-aws
    namespace: syn-crossplane
