metadata:
  finalizers:
    - resources-finalizer.argocd.argoproj.io
spec:
  ignoreDifferences:
    - group: rbac.authorization.k8s.io
      jsonPointers:
        - /rules
      kind: ClusterRole
      name: crossplane
    - group: ''
      jsonPointers:
        - /imagePullSecrets
      kind: ServiceAccount
      name: ''
